// Jest Snapshot v1, https://goo.gl/fbAQLP

exports[`app component App component renders correctly 1`] = `
Array [
  <div
    className="App"
  >
    <header>
      <Header />
    </header>
    <Switch>
      <Route
        component={[Function]}
        path="/login"
      />
      <Route
        component={[Function]}
        path="/register"
      />
    </Switch>
    <footer
      className="App-footer"
    >
      This is Footer
    </footer>
  </div>,
]
`;
